capabilities: {"definitionProvider":true,"hoverProvider":true,"semanticTokensProvider":{"full":true,"legend":{"tokenModifiers":[],"tokenTypes":["keyword","function","variable","parameter","type","typeParameter","string","number","comment","operator","enumMember"]}},"textDocumentSync":{"change":1,"openClose":true,"save":true}}
diagnostics of syntax.elpi: 6
  1:14-1:15 error: Term expected, got keyword.
  2:16-2:17 error: This infix operator expects a right hand side.
  3:4-3:5 error: unexpected character $
  1:14-1:14 info: missing )
  2:16-2:16 info: missing term
  0:0-0:0 warning: Undeclared globals:
- File "$DIR/syntax.elpi", line 1, column 0, characters 0-3: p.
Please add the following text to your program:
type p int -> (pred).
diagnostics of typeerr.elpi: 1
  1:11-1:18 error: Typechecker: literal "hello" has type string but = expects an argument of type int
diagnostics of warn.elpi: 2
  1:2-1:3 warning: X is linear: name it _X (discard) or X_ (fresh variable)
  1:7-1:8 warning: Y is linear: name it _Y (discard) or Y_ (fresh variable)
diagnostics of accbad.elpi: 1
  0:0-0:18 error: In $DIR/badlib.elpi, line 1, column 9: Term expected, got keyword.
diagnostics of accmissing.elpi: 3
  1:0-1:10 error: File nothere.elpi not found in: 
  1:0-1:19 warning: accumulate outside file header
  0:0-0:0 warning: Undeclared globals:
- File "$DIR/accmissing.elpi", line 1, column 0, characters 0-3: p.
Please add the following text to your program:
type p int -> (pred).
diagnostics of good.elpi: 0
hover "double 3"+0: 4:8-4:14 "```elpi\n(pred int -> int)\n```"
hover "double 3 Y"+9: 4:17-4:18 "```elpi\nint\n```"
hover "twice Y Z"+0: 4:20-4:25 "```elpi\n(pred int -> int)\n```"
hover "x\\ y\\ y = x"+6: 4:50-4:51 "```elpi\nint\n```"
hover "std.map"+4: 4:31-4:38 "```elpi\n(func list int, ((func int -> int)) -> list int)\n```"
hover "\"\206\187\" L"+5: 4:70-4:71 "```elpi\nlist int\n```"
hover "% a comment"+3: none
definition "double 3"+2: file://$DIR/good.elpi 1:0-1:24
definition "twice Y Z"+1: file://$DIR/lib.elpi 0:0-0:23
definition "double 3 Y"+9: none
definition "std.map"+4: none
diagnostics of good.elpi: 2
  5:8-5:9 error: This infix operator expects a right hand side.
  5:8-5:8 info: missing term
hover "double 3"+0: 4:8-4:14 "```elpi\n(pred int -> int)\n```"
diagnostics of good.elpi: 0
hover "double 3"+0: 4:8-4:14 "```elpi\n(pred int -> int)\n```"
shutdown: null
server exited with code 0
